Copyright 1986-2017 Xilinx, Inc. All Rights Reserved.
----------------------------------------------------------------------------------------------------------------------------------------------
| Tool Version     : Vivado v.2017.4 (win64) Build 2086221 Fri Dec 15 20:55:39 MST 2017
| Date             : Sat May 22 12:17:10 2021
| Host             : Orcinus-orca running 64-bit major release  (build 9200)
| Command          : report_power -file cpu_wrap_power_routed.rpt -pb cpu_wrap_power_summary_routed.pb -rpx cpu_wrap_power_routed.rpx
| Design           : cpu_wrap
| Device           : xc7a100tfgg484-1
| Design State     : routed
| Grade            : commercial
| Process          : typical
| Characterization : Production
----------------------------------------------------------------------------------------------------------------------------------------------

Power Report

Table of Contents
-----------------
1. Summary
1.1 On-Chip Components
1.2 Power Supply Summary
1.3 Confidence Level
2. Settings
2.1 Environment
2.2 Clock Constraints
3. Detailed Reports
3.1 By Hierarchy

1. Summary
----------

+--------------------------+-----------------------------------+
| Total On-Chip Power (W)  | 124.392 (Junction temp exceeded!) |
| Design Power Budget (W)  | Unspecified*                      |
| Power Budget Margin (W)  | NA                                |
| Dynamic (W)              | 123.577                           |
| Device Static (W)        | 0.815                             |
| Effective TJA (C/W)      | 2.7                               |
| Max Ambient (C)          | 0.0                               |
| Junction Temperature (C) | 125.0                             |
| Confidence Level         | Low                               |
| Setting File             | ---                               |
| Simulation Activity File | ---                               |
| Design Nets Matched      | NA                                |
+--------------------------+-----------------------------------+
* Specify Design Power Budget using, set_operating_conditions -design_power_budget <value in Watts>


1.1 On-Chip Components
----------------------

+----------------+-----------+----------+-----------+-----------------+
| On-Chip        | Power (W) | Used     | Available | Utilization (%) |
+----------------+-----------+----------+-----------+-----------------+
| Slice Logic    |    50.510 |     8248 |       --- |             --- |
|   LUT as Logic |    47.068 |     4836 |     63400 |            7.63 |
|   CARRY4       |     2.927 |      629 |     15850 |            3.97 |
|   F7/F8 Muxes  |     0.283 |      298 |     63400 |            0.47 |
|   Register     |     0.214 |     1430 |    126800 |            1.13 |
|   BUFG         |     0.017 |        5 |        32 |           15.63 |
|   Others       |     0.000 |      114 |       --- |             --- |
| Signals        |    52.008 |     6875 |       --- |             --- |
| Block RAM      |     1.361 |       29 |       135 |           21.48 |
| PLL            |     3.885 |        1 |         6 |           16.67 |
| I/O            |    15.814 |       59 |       285 |           20.70 |
| Static Power   |     0.815 |          |           |                 |
| Total          |   124.392 |          |           |                 |
+----------------+-----------+----------+-----------+-----------------+


1.2 Power Supply Summary
------------------------

+-----------+-------------+-----------+-------------+------------+
| Source    | Voltage (V) | Total (A) | Dynamic (A) | Static (A) |
+-----------+-------------+-----------+-------------+------------+
| Vccint    |       1.000 |   105.067 |     104.495 |      0.572 |
| Vccaux    |       1.800 |     2.479 |       2.386 |      0.093 |
| Vcco33    |       3.300 |     4.452 |       4.448 |      0.004 |
| Vcco25    |       2.500 |     0.000 |       0.000 |      0.000 |
| Vcco18    |       1.800 |     0.000 |       0.000 |      0.000 |
| Vcco15    |       1.500 |     0.000 |       0.000 |      0.000 |
| Vcco135   |       1.350 |     0.000 |       0.000 |      0.000 |
| Vcco12    |       1.200 |     0.000 |       0.000 |      0.000 |
| Vccaux_io |       1.800 |     0.000 |       0.000 |      0.000 |
| Vccbram   |       1.000 |     0.137 |       0.110 |      0.027 |
| MGTAVcc   |       1.000 |     0.000 |       0.000 |      0.000 |
| MGTAVtt   |       1.200 |     0.000 |       0.000 |      0.000 |
| Vccadc    |       1.800 |     0.020 |       0.000 |      0.020 |
+-----------+-------------+-----------+-------------+------------+


1.3 Confidence Level
--------------------

+-----------------------------+------------+--------------------------------------------------------+--------------------------------------------------------------------------------------------------------------------+
| User Input Data             | Confidence | Details                                                | Action                                                                                                             |
+-----------------------------+------------+--------------------------------------------------------+--------------------------------------------------------------------------------------------------------------------+
| Design implementation state | High       | Design is routed                                       |                                                                                                                    |
| Clock nodes activity        | Low        | User specified less than 75% of clocks                 | Provide missing clock activity with a constraint file, simulation results or by editing the "By Clock Domain" view |
| I/O nodes activity          | Low        | More than 75% of inputs are missing user specification | Provide missing input activity with simulation results or by editing the "By Resource Type -> I/Os" view           |
| Internal nodes activity     | Medium     | User specified less than 25% of internal nodes         | Provide missing internal nodes activity with simulation results or by editing the "By Resource Type" views         |
| Device models               | High       | Device models are Production                           |                                                                                                                    |
|                             |            |                                                        |                                                                                                                    |
| Overall confidence level    | Low        |                                                        |                                                                                                                    |
+-----------------------------+------------+--------------------------------------------------------+--------------------------------------------------------------------------------------------------------------------+


2. Settings
-----------

2.1 Environment
---------------

+-----------------------+--------------------------+
| Ambient Temp (C)      | 25.0                     |
| ThetaJA (C/W)         | 2.7                      |
| Airflow (LFM)         | 250                      |
| Heat Sink             | medium (Medium Profile)  |
| ThetaSA (C/W)         | 4.6                      |
| Board Selection       | medium (10"x10")         |
| # of Board Layers     | 12to15 (12 to 15 Layers) |
| Board Temperature (C) | 25.0                     |
+-----------------------+--------------------------+


2.2 Clock Constraints
---------------------

+-------+--------+-----------------+
| Clock | Domain | Constraint (ns) |
+-------+--------+-----------------+


3. Detailed Reports
-------------------

3.1 By Hierarchy
----------------

+--------------------------------------------------+-----------+
| Name                                             | Power (W) |
+--------------------------------------------------+-----------+
| cpu_wrap                                         |   123.577 |
|   cpu_core                                       |    57.367 |
|     cpu_alu                                      |     0.719 |
|     cpu_clk                                      |     4.055 |
|       clk                                        |     4.055 |
|         inst                                     |     4.055 |
|     cpu_decoder                                  |    35.531 |
|     cpu_ifetch                                   |    14.599 |
|       instmem                                    |     4.901 |
|         U0                                       |     4.901 |
|           inst_blk_mem_gen                       |     4.901 |
|             gnbram.gnativebmg.native_blk_mem_gen |     4.901 |
|               valid.cstr                         |     4.901 |
|                 bindec_a.bindec_inst_a           |     0.021 |
|                 has_mux_a.A                      |     3.255 |
|                 ramloop[0].ram.r                 |     0.322 |
|                   prim_init.ram                  |     0.322 |
|                 ramloop[10].ram.r                |     0.012 |
|                   prim_init.ram                  |     0.012 |
|                 ramloop[11].ram.r                |     0.112 |
|                   prim_init.ram                  |     0.112 |
|                 ramloop[12].ram.r                |     0.031 |
|                   prim_init.ram                  |     0.031 |
|                 ramloop[13].ram.r                |     0.034 |
|                   prim_init.ram                  |     0.034 |
|                 ramloop[14].ram.r                |     0.012 |
|                   prim_init.ram                  |     0.012 |
|                 ramloop[1].ram.r                 |     0.543 |
|                   prim_init.ram                  |     0.543 |
|                 ramloop[2].ram.r                 |     0.164 |
|                   prim_init.ram                  |     0.164 |
|                 ramloop[3].ram.r                 |     0.118 |
|                   prim_init.ram                  |     0.118 |
|                 ramloop[4].ram.r                 |     0.044 |
|                   prim_init.ram                  |     0.044 |
|                 ramloop[5].ram.r                 |     0.041 |
|                   prim_init.ram                  |     0.041 |
|                 ramloop[6].ram.r                 |     0.011 |
|                   prim_init.ram                  |     0.011 |
|                 ramloop[7].ram.r                 |     0.111 |
|                   prim_init.ram                  |     0.111 |
|                 ramloop[8].ram.r                 |     0.040 |
|                   prim_init.ram                  |     0.040 |
|                 ramloop[9].ram.r                 |     0.031 |
|                   prim_init.ram                  |     0.031 |
|     cpu_ram                                      |     1.789 |
|       ram                                        |     1.789 |
|         U0                                       |     1.789 |
|           inst_blk_mem_gen                       |     1.789 |
|             gnbram.gnativebmg.native_blk_mem_gen |     1.789 |
|               valid.cstr                         |     1.789 |
|                 bindec_a.bindec_inst_a           |     0.080 |
|                 has_mux_a.A                      |     0.736 |
|                 ramloop[0].ram.r                 |     0.065 |
|                   prim_init.ram                  |     0.065 |
|                 ramloop[10].ram.r                |     0.045 |
|                   prim_init.ram                  |     0.045 |
|                 ramloop[11].ram.r                |     0.048 |
|                   prim_init.ram                  |     0.048 |
|                 ramloop[12].ram.r                |     0.041 |
|                   prim_init.ram                  |     0.041 |
|                 ramloop[13].ram.r                |     0.049 |
|                   prim_init.ram                  |     0.049 |
|                 ramloop[14].ram.r                |     0.044 |
|                   prim_init.ram                  |     0.044 |
|                 ramloop[1].ram.r                 |     0.146 |
|                   prim_init.ram                  |     0.146 |
|                 ramloop[2].ram.r                 |     0.129 |
|                   prim_init.ram                  |     0.129 |
|                 ramloop[3].ram.r                 |     0.048 |
|                   prim_init.ram                  |     0.048 |
|                 ramloop[4].ram.r                 |     0.089 |
|                   prim_init.ram                  |     0.089 |
|                 ramloop[5].ram.r                 |     0.088 |
|                   prim_init.ram                  |     0.088 |
|                 ramloop[6].ram.r                 |     0.038 |
|                   prim_init.ram                  |     0.038 |
|                 ramloop[7].ram.r                 |     0.047 |
|                   prim_init.ram                  |     0.047 |
|                 ramloop[8].ram.r                 |     0.049 |
|                   prim_init.ram                  |     0.049 |
|                 ramloop[9].ram.r                 |     0.047 |
|                   prim_init.ram                  |     0.047 |
|     uwrap                                        |     0.627 |
|       ur                                         |     0.168 |
|   fd                                             |     0.282 |
|   ts                                             |    45.856 |
+--------------------------------------------------+-----------+


