#-----------------------------------------------------------
# Webtalk v2017.4 (64-bit)
# SW Build 2086221 on Fri Dec 15 20:55:39 MST 2017
# IP Build 2085800 on Fri Dec 15 22:25:07 MST 2017
# Start of session at: Tue May 18 13:32:10 2021
# Process ID: 1464
# Current directory: D:/Documents/SUSTech/Grade2/Computer_Organization/FPGA_CPU/CPU_project/CPU_project.sim/sim_1/behav/xsim
# Command line: wbtcv.exe -mode batch -source D:/Documents/SUSTech/Grade2/Computer_Organization/FPGA_CPU/CPU_project/CPU_project.sim/sim_1/behav/xsim/xsim.dir/uart_wrap_sim_behav/webtalk/xsim_webtalk.tcl -notrace
# Log file: D:/Documents/SUSTech/Grade2/Computer_Organization/FPGA_CPU/CPU_project/CPU_project.sim/sim_1/behav/xsim/webtalk.log
# Journal file: D:/Documents/SUSTech/Grade2/Computer_Organization/FPGA_CPU/CPU_project/CPU_project.sim/sim_1/behav/xsim\webtalk.jou
#-----------------------------------------------------------
source D:/Documents/SUSTech/Grade2/Computer_Organization/FPGA_CPU/CPU_project/CPU_project.sim/sim_1/behav/xsim/xsim.dir/uart_wrap_sim_behav/webtalk/xsim_webtalk.tcl -notrace
